../Src/main.c:53:5:main	8	static
../Src/main.c:73:6:enable_processor_faults	16	static
../Src/main.c:82:10:get_psp_value	4	static
../Src/main.c:87:6:save_psp_value	16	static
../Src/main.c:92:6:update_next_task	16	static
../Src/main.c:109:29:switch_sp_to_psp	0	static,ignoring_inline_asm
../Src/main.c:125:6:idle_task	4	static
../Src/main.c:130:6:task1_handler	8	static
../Src/main.c:141:6:task2_handler	8	static
../Src/main.c:152:6:task3_handler	8	static
../Src/main.c:163:6:task4_handler	8	static
../Src/main.c:174:6:schedule	16	static
../Src/main.c:185:6:task_delay	16	static,ignoring_inline_asm
../Src/main.c:200:29:init_scheduler_stack	0	static,ignoring_inline_asm
../Src/main.c:206:6:init_tasks_stack	24	static
../Src/main.c:257:6:init_systick_timer	32	static
../Src/main.c:273:6:HardFault_Handler	8	static
../Src/main.c:279:6:MemManage_Handler	8	static
../Src/main.c:285:6:BusFault_Handler	8	static
../Src/main.c:291:6:UsageFault_Handler	8	static
../Src/main.c:297:29:PendSV_Handler	0	static,ignoring_inline_asm
../Src/main.c:334:6:update_global_tick_count	4	static
../Src/main.c:339:6:unblock_tasks	16	static
../Src/main.c:353:6:SysTick_Handler	16	static
